--------------------------------------------------------------------------------------
Timing Analyzer Summary
--------------------------------------------------------------------------------------

Type           : Worst-case tsu
Slack          : N/A
Required Time  : None
Actual Time    : 3.664 ns
From           : sw[16]
To             : next_state.STATE3_831
From Clock     : --
To Clock       : sw[13]
Failed Paths   : 0

Type           : Worst-case tco
Slack          : N/A
Required Time  : None
Actual Time    : 18.561 ns
From           : ledr[0]$latch
To             : ledr[0]
From Clock     : clock_50
To Clock       : --
Failed Paths   : 0

Type           : Worst-case th
Slack          : N/A
Required Time  : None
Actual Time    : 8.114 ns
From           : sw[13]
To             : next_state.STATE0_927
From Clock     : --
To Clock       : clock_50
Failed Paths   : 0

Type           : Clock Setup: 'clock_50'
Slack          : N/A
Required Time  : None
Actual Time    : 65.24 MHz ( period = 15.328 ns )
From           : next_state.STATE2_863
To             : state.STATE2
From Clock     : clock_50
To Clock       : clock_50
Failed Paths   : 0

Type           : Clock Hold: 'clock_50'
Slack          : Not operational: Clock Skew > Data Delay
Required Time  : None
Actual Time    : N/A
From           : FlHzModCLK
To             : ledr[11]$latch
From Clock     : clock_50
To Clock       : clock_50
Failed Paths   : 50

Type           : Total number of failed paths
Slack          : 
Required Time  : 
Actual Time    : 
From           : 
To             : 
From Clock     : 
To Clock       : 
Failed Paths   : 50

--------------------------------------------------------------------------------------

